[Licensing::Module] Trying to connect to existing licensing client channel...
Built from '6000.5/staging' branch; Version is '6000.5.6f1 (0e0577a1a2ac) revision 918903'; Using compiler version '194234433'; Build Type 'Release'
[Licensing::IpcConnector] Successfully connected to: "LicenseClient-user" at "2026-09-21T20:23:39.7961974Z"
OS: 'Windows 11  (10.0.26200) Core' Language: 'ko' Physical Memory: 32675 MB
BatchMode: 0, IsHumanControllingUs: 1, StartBugReporterOnCrash: 1, Is64bit: 1
System  architecture: x64
Process architecture: x64
Date: 2026-09-21T20:23:39Z
[Licensing::Client] Code 10 while verifying Licensing Client signature (process Id: 27240, path: "C:/Program Files/Unity Hub/UnityLicensingClient_V1/Unity.Licensing.Client.exe")
[Licensing::Module] LicensingClient has failed validation; ignoring
[Licensing::Client] Handshaking with LicensingClient:
  Version:                 1.18.3+d7ffd15
  Session Id:              7548ba8d496446418a568f05780c16c3
  Correlation Id:          aa1f883dbff2619ef18e358001a80e39
  External correlation Id: 8200594840208740063
  Machine Id:              Cwyclg1/EBBA10ifqAh0Jzmo3So=
[Licensing::Module] Successfully connected to LicensingClient on channel: "LicenseClient-user" (connect: 0.00s, validation: 0.00s, handshake: 0.04s)
[Licensing::IpcConnector] Successfully connected to: "LicenseClient-user-notifications" at "2026-09-21T20:23:39.835502Z"
[Licensing::Client] Successfully updated the access token
[Licensing::Module] Successfully updated the access token ltQsYOUjgM...
[Licensing::Client] Successfully resolved entitlement details
[Licensing::Module] License group:
  Id: 14569782698392-UnityPersXXXX
  Product: Unity Personal
  Type: Assigned
  Expiration: Unlimited
[Licensing::Client] Successfully updated license, isAsync: True, time: 0.00
[Licensing::Client] Successfully resolved entitlement details
[Licensing::Module] Licensing Background thread has ended after 0.05s

COMMAND LINE ARGUMENTS:
C:\Program Files\Unity\Hub\Editor\6000.5.6f1\Editor\Unity.exe
-projectpath
C:\Users\user\Documents\UnityProject\ProSekaiLikeProject
-acceptSoftwareTermsForThisRunOnly
-useHub
-hubIPC
-cloudEnvironment
production
-licensingIpc
LicenseClient-user
-hubSessionId
95b69692-53b4-4a40-a312-799e2c8492fe
-accessToken
ltQsYOUjgMJWJf-zcDgin9rtvkW1H13rvsDzYzdXxzA00df
Successfully changed project path to: C:\Users\user\Documents\UnityProject\ProSekaiLikeProject
C:/Users/user/Documents/UnityProject/ProSekaiLikeProject
[UnityMemory] Configuration Parameters - Can be set up in boot.config
    "memorysetup-temp-allocator-size-gi-baking-worker=262144"
    "memorysetup-temp-allocator-size-gi-baking-worker=262144"
    "memorysetup-temp-allocator-size-gi-baking-worker=262144"
    "memorysetup-temp-allocator-size-gi-baking-worker=262144"
    "memorysetup-temp-allocator-size-gi-baking-worker=262144"
    "memorysetup-temp-allocator-size-nav-mesh-worker=65536"
    "memorysetup-temp-allocator-size-audio-worker=65536"
    "memorysetup-temp-allocator-size-cloud-worker=32768"
    "memorysetup-temp-allocator-size-gfx=262144"
    "memorysetup-temp-allocator-size-preload-manager=33554432"
    "memorysetup-allocator-temp-initial-block-size-main=262144"
    "memorysetup-allocator-temp-initial-block-size-worker=262144"
    "memorysetup-temp-allocator-size-job-worker=262144"
    "memorysetup-temp-allocator-size-background-worker=32768"
    "memorysetup-bucket-allocator-granularity=16"
    "memorysetup-bucket-allocator-bucket-count=8"
    "memorysetup-bucket-allocator-block-size=33554432"
    "memorysetup-bucket-allocator-block-count=8"
    "memorysetup-main-allocator-block-size=16777216"
    "memorysetup-thread-allocator-block-size=16777216"
    "memorysetup-main-allocator-mimalloc-enabled=0"
    "memorysetup-gfx-main-allocator-block-size=16777216"
    "memorysetup-gfx-thread-allocator-block-size=16777216"
    "memorysetup-cache-allocator-block-size=4194304"
    "memorysetup-typetree-allocator-block-size=2097152"
    "memorysetup-profiler-bucket-allocator-granularity=16"
    "memorysetup-profiler-bucket-allocator-bucket-count=8"
    "memorysetup-profiler-bucket-allocator-block-size=33554432"
    "memorysetup-profiler-bucket-allocator-block-count=8"
    "memorysetup-profiler-allocator-block-size=16777216"
    "memorysetup-profiler-editor-allocator-block-size=1048576"
    "memorysetup-temp-allocator-size-main=16777216"
    "memorysetup-job-temp-allocator-block-size=2097152"
    "memorysetup-job-temp-allocator-block-size-background=1048576"
    "memorysetup-job-temp-allocator-reduction-small-platforms=262144"
Player connection [28016]  Target information:

Player connection [28016]  * "[IP] 183.98.36.34 [Port] 55504 [Flags] 2 [Guid] 420372586 [EditorId] 420372586 [Version] 1048832 [Id] WindowsEditor(7,DESKTOP-O2B1AFH) [Debug] 1 [PackageName] WindowsEditor [ProjectName] Editor" 

Player connection [28016] Host joined multi-casting on [225.0.0.222:54997]...
Player connection [28016] Host joined alternative multi-casting on [225.0.0.222:34997]...
Input System module state changed to: Initialized.
[Physics::Module] Initialized fallback backend.
[Physics::Module] Id: 0xdecafbad
[Package Manager] Connected to IPC stream "Upm-17692" after 0.3 seconds.
[Licensing::Client] Successfully resolved entitlement details
Library Redirect Path: Library/
[Physics::Module] Selected backend.
[Physics::Module] Name: PhysX
[Physics::Module] Id: 0xf2b8ea05
[Physics::Module] SDK Version: 4.1.2
[Physics::Module] Integration Version: 1.0.0
[Physics::Module] Threading Mode: Multi-Threaded
Artifact Garbage Collection - Removed 23 unused hashed content files
Initialize engine version: 6000.5.6f1 (0e0577a1a2ac)
[Subsystems] Discovering subsystems at path C:/Program Files/Unity/Hub/Editor/6000.5.6f1/Editor/Data/Resources/UnitySubsystems
[Subsystems] Discovering subsystems at path C:/Users/user/Documents/UnityProject/ProSekaiLikeProject/Assets
[D3D12 Device Filter] Vendor Name: NVIDIA
[D3D12 Device Filter] Device Name: NVIDIA GeForce RTX 3060
[D3D12 Device Filter] Driver Version: 32.0.16.1692
[D3D12 Device Filter] Feature Level: 12.2
[D3D12 Device Filter] Graphics Memory: 12115 MB
[D3D12 Device Filter] Processor Count: 16
[D3D12 Device Filter] Device Type: Discrete
GfxDevice: creating device client; kGfxThreadingModeSplitJobs
d3d12: failed to query info queue interface (0x80004002).
Direct3D:
    Version:         Direct3D 12 [level 12.2]
    Renderer:        NVIDIA GeForce RTX 3060 (ID=0x2504)
    Vendor:          NVIDIA
    VRAM:            12115 MB
    App VRAM Budget: 11347 MB
    Driver:          32.0.16.1692
Initialize mono
Mono path[0] = 'C:/Program Files/Unity/Hub/Editor/6000.5.6f1/Editor/Data/Managed'
Mono path[1] = 'C:/Program Files/Unity/Hub/Editor/6000.5.6f1/Editor/Data/BCLExtensions/runtime/netstandard2.1'
Mono path[2] = 'C:/Program Files/Unity/Hub/Editor/6000.5.6f1/Editor/Data/MonoBleedingEdge/lib/mono/unityjit-win32'
Mono config path = 'C:/Program Files/Unity/Hub/Editor/6000.5.6f1/Editor/Data/MonoBleedingEdge/etc'
Using monoOptions --debugger-agent=transport=dt_socket,embedding=1,server=y,suspend=n,address=127.0.0.1:56692
CodeReloadManager initialized
ImportWorker Server TCP listen port: 0
AcceleratorClientConnectionCallback - disconnected - :0
Begin MonoManager ReloadAssembly
Registering precompiled unity dll's ...
Register platform support module: C:/Program Files/Unity/Hub/Editor/6000.5.6f1/Editor/Data/PlaybackEngines/WindowsStandaloneSupport/UnityEditor.WindowsStandalone.Extensions.dll
Registered in 0.003788 seconds.
Native extension for WindowsStandalone target not found
Package Manager log level set to [2]
ScheduleIndexationOnStartup MainProcess:False IndexOnStartup:True
Mono: successfully reloaded assembly
- Finished resetting the current domain, in  0.431 seconds
Domain Reload Profiling: 1031ms
	BeginReloadAssembly (182ms)
		CreateAndSetChildDomain (26ms)
	RebuildCommonClasses (6ms)
	RebuildNativeTypeToScriptingClass (19ms)
	initialDomainReloadingComplete (92ms)
	LoadAllAssembliesAndSetupDomain (297ms)
		LoadAssemblies (150ms)
		AnalyzeDomain (213ms)
			TypeCache.Refresh (212ms)
				TypeCache.ScanAssembly (197ms)
	FinalizeReload (435ms)
		SetupLoadedEditorAssemblies (0ms)
			InitializePlatformSupportModulesInManaged (42ms)
			BeforeProcessingInitializeOnLoad (91ms)
			ProcessInitializeOnLoadAttributes (106ms)
			ProcessInitializeOnLoadMethodAttributes (115ms)
[Licensing::Client] Successfully resolved entitlement details
Application.AssetDatabase Initial Refresh Start
[Package Manager] Restoring resolved packages state from cache
[Licensing::Client] Successfully resolved entitlement details
[Package Manager] Registered 8 packages:
  Packages from [https://packages.unity.com]:
    com.unity.inputsystem@1.20.0 (location: C:\Users\user\Documents\UnityProject\ProSekaiLikeProject\Library\PackageCache\com.unity.inputsystem@7a4e1a2a8194)
  Built-in packages:
    com.unity.modules.uielements@1.0.0 (location: C:\Users\user\Documents\UnityProject\ProSekaiLikeProject\Library\PackageCache\com.unity.modules.uielements)
    com.unity.modules.ui@1.0.0 (location: C:\Users\user\Documents\UnityProject\ProSekaiLikeProject\Library\PackageCache\com.unity.modules.ui)
    com.unity.modules.imgui@1.0.0 (location: C:\Users\user\Documents\UnityProject\ProSekaiLikeProject\Library\PackageCache\com.unity.modules.imgui)
    com.unity.modules.jsonserialize@1.0.0 (location: C:\Users\user\Documents\UnityProject\ProSekaiLikeProject\Library\PackageCache\com.unity.modules.jsonserialize)
    com.unity.modules.hierarchycore@1.0.0 (location: C:\Users\user\Documents\UnityProject\ProSekaiLikeProject\Library\PackageCache\com.unity.modules.hierarchycore)
    com.unity.modules.physics@1.0.0 (location: C:\Users\user\Documents\UnityProject\ProSekaiLikeProject\Library\PackageCache\com.unity.modules.physics)
    com.unity.modules.animation@1.0.0 (location: C:\Users\user\Documents\UnityProject\ProSekaiLikeProject\Library\PackageCache\com.unity.modules.animation)
[Subsystems] No new subsystems found in resolved package list.
[Package Manager] Done registering packages in 0.01 seconds
[ScriptCompilation] Requested script compilation because: AssetDatabase observed changes in script compilation related files
info: Microsoft.Hosting.Lifetime[14]
      Now listening on: http://localhost:80
info: Microsoft.Hosting.Lifetime[0]
      Application started. Press Ctrl+C to shut down.
info: Microsoft.Hosting.Lifetime[0]
      Hosting environment: Production
info: Microsoft.Hosting.Lifetime[0]
      Content root path: C:\Users\user\Documents\UnityProject\ProSekaiLikeProject
info: Microsoft.AspNetCore.Hosting.Diagnostics[1]
      Request starting HTTP/2 POST http://ilpp/UnityILPP.PostProcessing/Ping - application/grpc -
info: Microsoft.AspNetCore.Routing.EndpointMiddleware[0]
      Executing endpoint 'gRPC - /UnityILPP.PostProcessing/Ping'
info: Microsoft.AspNetCore.Routing.EndpointMiddleware[1]
      Executed endpoint 'gRPC - /UnityILPP.PostProcessing/Ping'
info: Microsoft.AspNetCore.Hosting.Diagnostics[2]
      Request finished HTTP/2 POST http://ilpp/UnityILPP.PostProcessing/Ping - 200 - application/grpc 30.3977ms
Starting: C:\Program Files\Unity\Hub\Editor\6000.5.6f1\Editor\Data\Tools\BuildPipeline\bee_backend.exe --ipc --defer-dag-verification --dagfile="Library/Bee/1900b0aE.dag" --continue-on-failure --profile="Library/Bee/backend1.traceevents" ScriptAssemblies
WorkingDir: C:/Users/user/Documents/UnityProject/ProSekaiLikeProject
ExitCode: 0 Duration: 1s623ms
[196/202    1s] Csc Library/Bee/artifacts/1900b0aE.dag/Assembly-CSharp.dll (+2 others)
[200/202    0s] CopyFiles Library/ScriptAssemblies/Assembly-CSharp.dll
[201/202    0s] CopyFiles Library/ScriptAssemblies/Assembly-CSharp.pdb
*** Tundra build success (1.58 seconds), 3 items updated, 202 evaluated
AssetDatabase: script compilation time: 2.069720s
Begin MonoManager ReloadAssembly
Native extension for WindowsStandalone target not found
ScheduleIndexationOnStartup MainProcess:True IndexOnStartup:True
Mono: successfully reloaded assembly
- Finished resetting the current domain, in  0.458 seconds
Domain Reload Profiling: 1001ms
	BeginReloadAssembly (352ms)
		DisableScriptedObjects (29ms)
		CreateAndSetChildDomain (162ms)
	RebuildCommonClasses (8ms)
	RebuildNativeTypeToScriptingClass (14ms)
	initialDomainReloadingComplete (54ms)
	LoadAllAssembliesAndSetupDomain (112ms)
		LoadAssemblies (115ms)
		AnalyzeDomain (18ms)
			TypeCache.Refresh (12ms)
				TypeCache.ScanAssembly (9ms)
			BuildScriptInfoCaches (4ms)
	FinalizeReload (461ms)
		SetupLoadedEditorAssemblies (0ms)
			InitializePlatformSupportModulesInManaged (10ms)
			BeforeProcessingInitializeOnLoad (79ms)
			ProcessInitializeOnLoadAttributes (134ms)
			ProcessInitializeOnLoadMethodAttributes (59ms)
			AfterProcessingInitializeOnLoad (12ms)
		AwakeInstancesAfterBackupRestoration (24ms)
Importing 'GUID: 3748192f16664aec9c003692b2c15841 - Path: Assets/Input/RhythmControls.inputactions' with importer (ScriptedImporter : Unity.InputSystem:UnityEngine.InputSystem.Editor:InputActionImporter)
Imported 'GUID: 3748192f16664aec9c003692b2c15841' -> (Import Result ID: '1e4bd1f45afef6dd7e954504e5622bb7') in 0.031 seconds [static and dynamic dependencies]. Details - ImportResultOutputID=94a78fa3b2574e0b5e28bdf4ea5f8dd3 DependenciesID=375962d71ffb248722cbd545d873d21b StaticDependenciesID=bd167f05140bcdf2bfc5d87920a7f9af 
Starting new worker id: 0 with log in C:/Users/user/Documents/UnityProject/ProSekaiLikeProject/Logs/AssetImportWorkerHW0.log

Asset Pipeline Refresh (id=075a190590d0bca488d703183f876830): Total: 3.418 seconds - Initiated by InitialRefreshV2(ForceSynchronousImport)
	(Values over 0.05ms)
	Summary:
		Imports: total=1 (actual=1, local cache=0, cache server=0)
		Asset DB Process Time: managed=1 ms, native=649 ms
		Asset DB Callback time: managed=73 ms, native=12 ms
		Scripting: domain reloads=1, domain reload time=587 ms, compile time=2073 ms, other=20 ms
		Project Asset Count: scripts=134, non-scripts=194
		Asset File Changes: new=0, changed=2, moved=0, deleted=0
		Scan Filter Count: 0
	InvokePackagesCallback: 10.602ms
	ApplyChangesToAssetFolders: 0.393ms
	Scan: 47.752ms
	Collect global state as custom dependencies: 18.704ms
	OnSourceAssetsModified: 0.691ms
	CategorizeScriptCompilationAssets: 1.483ms
	ProcessAssetsWithTransientArtifactChanges: 4.290ms
	CategorizeAssets: 4.243ms
	CompileScripts: 2072.897ms
	ImportOutOfDateAssets: 509.263ms (463.822ms without children)
		ImportManagerImport: 33.137ms (1.132ms without children)
		UnloadImportedAssets: 0.155ms
		ImportSchedulerStart: 12.093ms
	PostProcessAllAssets: 74.606ms
		XRBuildSystem.XRAssetImported 0.163ms
		ShaderAssetModifiedCallback 0.135ms
		RaytracingShaderImportPostprocess 0.125ms
		ComputeShaderImportPostprocess 0.104ms
		PostProcessCallbackCreateDeferredMaterials 0.060ms
		MonoPostProcessAllAssets: 73.164ms
			AssetPostprocessor.OnPostprocessAllAssets 21.771ms
			StyleCatalogPostProcessor.OnPostprocessAllAssets 9.904ms
			AssetChangedListener.OnPostprocessAllAssets 7.317ms
			WindowAssetPostprocessingWatcher.OnPostprocessAllAssets 6.858ms
			BuilderAssetPostprocessor.OnPostprocessAllAssets 5.073ms
			InputActionJsonNameModifierAssetProcessor.OnPostprocessAllAssets 4.348ms
			SyncVS.PostprocessSyncProject 1.817ms
			RetainedModeAssetPostprocessor.OnPostprocessAllAssets 1.226ms
			SpeedTree9Postprocessor.OnPostprocessAllAssets 1.020ms
			EditModeScopePostprocessor.OnPostprocessAllAssets 0.894ms
			TextAssetPostProcessor.OnPostprocessAllAssets 0.686ms
			ArtifactBrowserPostProcessor.OnPostprocessAllAssets 0.501ms
			InputActionAssetPostprocessor.OnPostprocessAllAssets 0.410ms
			AudioMixerPostprocessor.OnPostprocessAllAssets 0.270ms
			TerrainToolbarOverlayPostProcessor.OnPostprocessAllAssets 0.267ms
			ReferencedClipsPostProcessor.OnPostprocessAllAssets 0.250ms
			ProjectSettingsPostprocessor.OnPostprocessAllAssets 0.234ms
			AssetEvents.OnPostprocessAllAssets 0.218ms
			SpeedTreePostProcessor.OnPostprocessAllAssets 0.189ms
			AssetDatabaseCallbacks.OnPostprocessAllAssets 0.147ms
			ConfigAssetsTracker.OnPostprocessAllAssets 0.127ms
			ScenarioDriftAssetsTracker.OnPostprocessAllAssets 0.120ms
			RenderPipelineGlobalSettingsPostprocessor.OnPostprocessAllAssets 0.095ms
			AudioContainerPostProcessor.OnPostprocessAllAssets 0.069ms
	PostAssetChangesProfiler: 3.225ms
	UnloadStreamsBegin: 1.383ms
	GenerateScriptTypeHashes: 1.550ms
	GenerateScriptTypeSerializationHashes: 2.918ms
	Untracked: 662.372ms

Application.AssetDatabase Initial Refresh End
Launched and connected shader compiler UnityShaderCompiler.exe after 0.02 seconds
Scanning for USB devices : 22.280ms
Initializing Unity extensions:
[MODES] ModeService[none].Initialize
[MODES] ModeService[none].LoadModes
[MODES] Loading mode Default (0) for mode-current-id-ProSekaiLikeProject
Unloading 3 Unused Serialized files (Serialized files now loaded: 0)
Loaded scene 'Assets/Main.unity'
	Deserialize:            1.348 ms
	Integration:            5.842 ms
	Integration of assets:  0.015 ms
	Thread Wait Time:       0.017 ms
	Total Operation Time:   7.222 ms
Unloading 464 unused Assets / (0.6 MB). Loaded Objects now: 1133.
Memory consumption went from 221.4 MB to 220.7 MB.
Total: 5.511200 ms (FindLiveObjects: 0.095600 ms CreateObjectMapping: 0.117100 ms MarkObjects: 4.864400 ms  DeleteObjects: 0.431600 ms)

[LAYOUT] About to load UserSettings\Layouts\default-6000.dwlt, keepMainWindow=False
[LAYOUT] About to save layout C:\Users\user\Documents\UnityProject\ProSekaiLikeProject\UserSettings\Layouts\default-6000.dwlt
[LAYOUT] About to save layout C:/Users/user/AppData/Roaming/Unity/Editor-5.x/Preferences\Layouts\current\default-6000.dwlt
[MODES] ModeService[default].InitializeCurrentMode
[MODES] ModeService[default].RaiseModeChanged(default, default)
<RI> Initializing input.
Using Windows.Gaming.Input
[Project] Loading completed in 6.943 seconds
	Project init time: 				5.950 seconds
		Template init time: 		0.000 seconds
		Package Manager init time: 		0.263 seconds
		Asset Database init time: 		0.323 seconds
		Global illumination init time: 	0.003 seconds
		Assemblies load time: 			1.099 seconds
		Unity extensions init time: 	0.002 seconds
		Asset Database refresh time: 	3.419 seconds
	Scene opening time: 			0.818 seconds
##utp:{"type":"ProjectInfo","version":2,"phase":"Immediate","time":1790022226729,"processId":17692,"projectLoad":6.9434061,"projectInit":5.9502963,"templateInit":0.0,"packageManagerInit":0.2628128,"assetDatabaseInit":0.323139,"globalIlluminationInit":0.0031524,"assembliesLoad":1.0988736,"unityExtensionsInit":0.0015863,"assetDatabaseRefresh":3.4185096,"sceneOpening":0.8175465}
##utp:{"type":"EditorInfo","version":2,"phase":"Immediate","time":1790022226729,"processId":17692,"editorVersion":"6000.5.6f1 (0e0577a1a2ac)","branch":"6000.5/staging","buildType":"Release","platform":"Windows"}
Worker ready: AssetImportWorkerHW0 0
Asset Pipeline Refresh (id=3d960b13129566f45b7f9136aa308d80): Total: 0.025 seconds - Initiated by RefreshV2(AllowForceSynchronousImport)
Dynamic Batching is deprecated and will be removed in a future release. Use GPU Instancing instead. Disable Dynamic Batching in Project Settings > Player > Other Settings to remove this warning.
UnityEngine.Debug:ExtractStackTraceNoAlloc (byte*,int,string)
UnityEngine.StackTraceUtility:ExtractStackTrace ()
UnityEngine.DebugLogHandler:Internal_Log (UnityEngine.LogType,UnityEngine.LogOption,string,UnityEngine.Object)
UnityEngine.DebugLogHandler:LogFormat (UnityEngine.LogType,UnityEngine.Object,string,object[])
UnityEngine.Logger:Log (UnityEngine.LogType,object)
UnityEngine.Debug:LogWarning (object)
UnityEditor.PlayerSettingsBatchingWarning:WarnIfDynamicBatchingEnabled ()
UnityEditor.EditorApplication:Internal_CallUpdateFunctions ()

Start Indexing on Editor startup
[Indexing] Starting Initial Indexing for Assets
Created GICache directory at C:/Users/user/AppData/LocalLow/Unity/Caches/GiCache. Took: 0.027s, timestamps: [7.938 - 7.965]
[Licensing::Client] Successfully resolved entitlement details
[Licensing::Client] Successfully resolved entitlement details
[Licensing::Client] Successfully updated the access token
[Licensing::Module] Successfully updated access token: "ltQsYOUj"... (expires: 2026-09-21T20:29:49Z)
Starting new worker id: 1 with log in C:/Users/user/Documents/UnityProject/ProSekaiLikeProject/Logs/AssetImportWorkerHW1.log
[Worker0] Imported GUID: 5de865849e2b44768960e5d9f32a1941 - Path: Assets/Scripts/RhythmGamePrototype.cs - Importer: ScriptedImporter/UnityEditor.QuickSearchModule:UnityEditor.Search:ASIAI0B -> (ImportResultId: 'cd05c77a3c3585742cfbc49bd22b9bcb') in 0.0864445 seconds
[Licensing::Client] Successfully resolved entitlement details
UPID Received '36c5cb1b-35d8-4723-b906-7dbc8c9a3e29'.
Worker ready: AssetImportWorkerHW1 1
Asset Pipeline Refresh (id=66e880d44c6b1794f8919771d258d8a9): Total: 0.015 seconds - Initiated by RefreshV2(AllowForceSynchronousImport)
Reloading assemblies for play mode.
Reloading assemblies after forced synchronous recompile.
Begin MonoManager ReloadAssembly
Native extension for WindowsStandalone target not found
ScheduleIndexationOnStartup MainProcess:True IndexOnStartup:True
[MODES] ModeService[none].Initialize
[MODES] ModeService[none].LoadModes
Mono: successfully reloaded assembly
- Finished resetting the current domain, in  1.184 seconds
Domain Reload Profiling: 1714ms
	BeginReloadAssembly (355ms)
		DisableScriptedObjects (93ms)
		CreateAndSetChildDomain (95ms)
	RebuildCommonClasses (9ms)
	RebuildNativeTypeToScriptingClass (15ms)
	initialDomainReloadingComplete (54ms)
	LoadAllAssembliesAndSetupDomain (97ms)
		LoadAssemblies (115ms)
		AnalyzeDomain (5ms)
			TypeCache.Refresh (3ms)
	FinalizeReload (1185ms)
		SetupLoadedEditorAssemblies (0ms)
			InitializePlatformSupportModulesInManaged (10ms)
			BeforeProcessingInitializeOnLoad (79ms)
			ProcessInitializeOnLoadAttributes (203ms)
			ProcessInitializeOnLoadMethodAttributes (57ms)
			AfterProcessingInitializeOnLoad (12ms)
		AwakeInstancesAfterBackupRestoration (495ms)

Asset Pipeline Refresh (id=5243cfe0f0d549d4096ccde08e27939b): Total: 1.906 seconds - Initiated by StopAssetImportingV2(ForceSynchronousImport | ForceDomainReload)
	(Values over 0.05ms)
	Summary:
		Imports: total=0 (actual=0, local cache=0, cache server=0)
		Asset DB Process Time: managed=0 ms, native=1250 ms
		Asset DB Callback time: managed=42 ms, native=35 ms
		Scripting: domain reloads=1, domain reload time=575 ms, compile time=3 ms, other=0 ms
		Project Asset Count: scripts=134, non-scripts=194
		Asset File Changes: new=0, changed=0, moved=0, deleted=0
		Scan Filter Count: 0
	InvokePackagesCallback: 2.797ms
	ApplyChangesToAssetFolders: 0.058ms
	Collect global state as custom dependencies: 12.223ms
	ProcessAssetsWithTransientArtifactChanges: 12.857ms
	CategorizeAssets: 2.457ms
	CompileScripts: 2.576ms
	ImportOutOfDateAssets: 1188.905ms (1186.356ms without children)
		UnloadImportedAssets: 1.452ms
		ImportSchedulerStart: 1.028ms
	PostProcessAllAssets: 65.816ms
		PostProcessCallbackCreateDeferredMaterials 1.179ms
		PostprocessAssetsUpdateCachedIcon 0.864ms
		ShaderAssetModifiedCallback 0.526ms
		ComputeShaderImportPostprocess 0.393ms
		RaytracingShaderImportPostprocess 0.366ms
		SpeedTreeImporter.PostprocessAllAssets 0.297ms
		LocalizationDatabase.AssetDatabasePostprocessCallback 0.207ms
		AssemblyValidation.PostprocessAllAssets 0.156ms
		BlockShaderImporter.PostprocessAllAssets 0.149ms
		XRBuildSystem.XRAssetImported 0.130ms
		MonoPostProcessAllAssets: 39.184ms
			WindowAssetPostprocessingWatcher.OnPostprocessAllAssets 6.755ms
			AssetPostprocessor.OnPostprocessAllAssets 5.196ms
			BuilderAssetPostprocessor.OnPostprocessAllAssets 5.072ms
			AssetChangedListener.OnPostprocessAllAssets 2.258ms
			InputActionJsonNameModifierAssetProcessor.OnPostprocessAllAssets 1.905ms
			InputActionAssetPostprocessor.OnPostprocessAllAssets 1.885ms
			SyncVS.PostprocessSyncProject 1.652ms
			TextAssetPostProcessor.OnPostprocessAllAssets 1.549ms
			RetainedModeAssetPostprocessor.OnPostprocessAllAssets 1.028ms
			SpeedTree9Postprocessor.OnPostprocessAllAssets 0.931ms
			ProjectSettingsPostprocessor.OnPostprocessAllAssets 0.751ms
			ArtifactBrowserPostProcessor.OnPostprocessAllAssets 0.442ms
			AudioMixerPostprocessor.OnPostprocessAllAssets 0.273ms
			EditModeScopePostprocessor.OnPostprocessAllAssets 0.260ms
			ReferencedClipsPostProcessor.OnPostprocessAllAssets 0.240ms
			StyleCatalogPostProcessor.OnPostprocessAllAssets 0.209ms
			AssetEvents.OnPostprocessAllAssets 0.191ms
			SpeedTreePostProcessor.OnPostprocessAllAssets 0.142ms
			AssetDatabaseCallbacks.OnPostprocessAllAssets 0.139ms
			TerrainToolbarOverlayPostProcessor.OnPostprocessAllAssets 0.136ms
			ConfigAssetsTracker.OnPostprocessAllAssets 0.127ms
			ScenarioDriftAssetsTracker.OnPostprocessAllAssets 0.126ms
			RenderPipelineGlobalSettingsPostprocessor.OnPostprocessAllAssets 0.080ms
			AudioContainerPostProcessor.OnPostprocessAllAssets 0.071ms
	PostAssetChangesProfiler: 10.640ms
	UnloadStreamsBegin: 1.320ms
	GenerateScriptTypeHashes: 0.659ms
	GenerateScriptTypeSerializationHashes: 1.312ms
	Untracked: 601.186ms

Loaded scene 'Temp/__Backupscenes/0.backup'
	Deserialize:            0.427 ms
	Integration:            50.362 ms
	Integration of assets:  0.002 ms
	Thread Wait Time:       0.014 ms
	Total Operation Time:   50.804 ms
Launched and connected shader compiler UnityShaderCompiler.exe after 0.01 seconds
[Licensing::Client] Successfully resolved entitlement details
Launched and connected shader compiler UnityShaderCompiler.exe after 0.01 seconds
TrimDiskCacheJob: Current cache size 0mb
Unloading 1 Unused Serialized files (Serialized files now loaded: 0)
Loaded scene 'Temp/__Backupscenes/0.backup'
	Deserialize:            0.416 ms
	Integration:            10.822 ms
	Integration of assets:  0.001 ms
	Thread Wait Time:       0.013 ms
	Total Operation Time:   11.252 ms
Unloading 452 unused Assets / (17.7 MB). Loaded Objects now: 2154.
Memory consumption went from 419.3 MB to 401.6 MB.
Total: 11.392000 ms (FindLiveObjects: 0.170900 ms CreateObjectMapping: 0.072900 ms MarkObjects: 7.895100 ms  DeleteObjects: 3.252400 ms)

[Licensing::Client] Successfully resolved entitlement details
MonoPathRemapper: Attempts to remap: 5795; Successful remaps: 1544
Serialized file version minimum: 23, current 23
[LAYOUT] About to save layout C:\Users\user\Documents\UnityProject\ProSekaiLikeProject\UserSettings\Layouts\default-6000.dwlt
[LAYOUT] About to save layout C:/Users/user/AppData/Roaming/Unity/Editor-5.x/Preferences\Layouts\current\default-6000.dwlt
Input System module state changed to: ShutdownInProgress.
Input Polling Thread exited.
Input System module state changed to: Shutdown.
[Physics::Module] Cleanup current backend.
[Physics::Module] Id: 0xf2b8ea05
[Licensing::IpcConnector] LicenseClient-user-notifications channel disconnected successfully.
[Licensing::IpcConnector] LicenseClient-user channel disconnected successfully.
AcceleratorClientConnectionCallback - disconnected - :0
Cleanup mono
CodeReloadManager destroyed
abort_threads: Failed aborting id: 0000000000005310, mono_thread_manage will ignore it

abort_threads: Failed aborting id: 00000000000076BC, mono_thread_manage will ignore it

abort_threads: Failed aborting id: 0000000000005310, mono_thread_manage will ignore it

abort_threads: Failed aborting id: 00000000000076BC, mono_thread_manage will ignore it

debugger-agent: Unable to listen on 4900
Checking for leaked weakptr:
  Found no leaked weakptrs.
[Package Manager] Server process was shutdown
##utp:{"type":"MemoryLeaks","version":2,"phase":"Immediate","time":1790022356966,"processId":17692,"allocatedMemory":46444863,"memoryLabels":[{"Default":202761},{"Permanent":15516},{"NewDelete":65037},{"Thread":4206712},{"Manager":34120},{"VertexData":8},{"Geometry":816},{"Texture":24},{"Shader":840648},{"Material":24},{"GfxDevice":62072},{"GfxThread":4608},{"Animation":952},{"Audio":1168},{"FreeType":8},{"FontEngine":736},{"Physics":2146},{"Physics2D":16},{"Serialization":267552},{"Input":45280},{"JobScheduler":256},{"TextLib":23254},{"Mono":48},{"ScriptingNativeRuntime":674964},{"BaseObject":1776474},{"Resource":1208},{"Renderer":3080},{"Transform":4685},{"File":3997},{"WebCam":616},{"Culling":32},{"Terrain":11442},{"Wind":24},{"STL":40},{"String":10031},{"StaticString":3808},{"Utility":2673970},{"Curl":48},{"PoolAlloc":2168},{"AI":80},{"TypeTree":14973},{"CodeReload":448},{"RuntimeInitializeOnLoadManager":64},{"Sprites":102},{"SpriteAtlas":120},{"GI":7816},{"Director":8296},{"CloudService":6920},{"WebRequest":11982},{"VR":47114},{"SceneManager":608},{"Video":208},{"LazyScriptCache":32},{"NativeArray":33045112},{"Camera":389817},{"Secure":265},{"SerializationCache":1576},{"APIUpdating":10320},{"Subsystems":336},{"VirtualTexturing":57888},{"StaticSafetyDebugInfo":278528},{"Analytics":728},{"Hierarchy":1176},{"UIElements":580168},{"CoreStats":13688},{"Identifiers":6768},{"Gui":267643},{"EditorUtility":184854},{"VersionControl":8},{"Undo":931},{"AssetDatabase":513425},{"AssetImporter":40},{"EditorGi":328},{"UnityConnect":35346},{"Upm":1988},{"UpmDiagnostics":8},{"AssetCompliance":64},{"DrivenProperties":72},{"LocalIPC":258},{"ProfilerEditor":9746},{"CoreBusinessMetrics":3478},{"Windowing":456},{"Licensing":776},{"AssetReference":32},{"IPCStream":32}]}
