[Licensing::Module] Trying to connect to existing licensing client channel...
Built from '6000.5/staging' branch; Version is '6000.5.6f1 (0e0577a1a2ac) revision 918903'; Using compiler version '194234433'; Build Type 'Release'
[Licensing::IpcConnector] Channel LicenseClient-user doesn't exist
OS: 'Windows 11  (10.0.26200) Core' Language: 'ko' Physical Memory: 32675 MB
BatchMode: 0, IsHumanControllingUs: 1, StartBugReporterOnCrash: 1, Is64bit: 1
System  architecture: x64
Process architecture: x64
Date: 2026-10-03T16:55:57Z
[Licensing::Module] Successfully launched the LicensingClient (PId: 22224)

COMMAND LINE ARGUMENTS:
C:\Program Files\Unity\Hub\Editor\6000.5.6f1\Editor\Unity.exe
-openfile
C:\Users\user\Documents\GitHub\BrokenStage\Assets\Main.unity
Opening project via file: C:/Users/user/Documents/GitHub/BrokenStage/Assets/Main.unity
C:/Users/user/Documents/GitHub/BrokenStage
[UnityMemory] Configuration Parameters - Can be set up in boot.config
    "memorysetup-temp-allocator-size-gi-baking-worker=262144"
    "memorysetup-temp-allocator-size-gi-baking-worker=262144"
    "memorysetup-temp-allocator-size-gi-baking-worker=262144"
    "memorysetup-temp-allocator-size-gi-baking-worker=262144"
    "memorysetup-temp-allocator-size-gi-baking-worker=262144"
    "memorysetup-temp-allocator-size-nav-mesh-worker=65536"
    "memorysetup-temp-allocator-size-audio-worker=65536"
    "memorysetup-temp-allocator-size-cloud-worker=32768"
    "memorysetup-temp-allocator-size-gfx=262144"
    "memorysetup-temp-allocator-size-preload-manager=33554432"
    "memorysetup-allocator-temp-initial-block-size-main=262144"
    "memorysetup-allocator-temp-initial-block-size-worker=262144"
    "memorysetup-temp-allocator-size-job-worker=262144"
    "memorysetup-temp-allocator-size-background-worker=32768"
    "memorysetup-bucket-allocator-granularity=16"
    "memorysetup-bucket-allocator-bucket-count=8"
    "memorysetup-bucket-allocator-block-size=33554432"
    "memorysetup-bucket-allocator-block-count=8"
    "memorysetup-main-allocator-block-size=16777216"
    "memorysetup-thread-allocator-block-size=16777216"
    "memorysetup-main-allocator-mimalloc-enabled=0"
    "memorysetup-gfx-main-allocator-block-size=16777216"
    "memorysetup-gfx-thread-allocator-block-size=16777216"
    "memorysetup-cache-allocator-block-size=4194304"
    "memorysetup-typetree-allocator-block-size=2097152"
    "memorysetup-profiler-bucket-allocator-granularity=16"
    "memorysetup-profiler-bucket-allocator-bucket-count=8"
    "memorysetup-profiler-bucket-allocator-block-size=33554432"
    "memorysetup-profiler-bucket-allocator-block-count=8"
    "memorysetup-profiler-allocator-block-size=16777216"
    "memorysetup-profiler-editor-allocator-block-size=1048576"
    "memorysetup-temp-allocator-size-main=16777216"
    "memorysetup-job-temp-allocator-block-size=2097152"
    "memorysetup-job-temp-allocator-block-size-background=1048576"
    "memorysetup-job-temp-allocator-reduction-small-platforms=262144"
Player connection [21840]  Target information:

Player connection [21840]  * "[IP] 183.98.36.34 [Port] 55504 [Flags] 2 [Guid] 193877044 [EditorId] 193877044 [Version] 1048832 [Id] WindowsEditor(7,DESKTOP-O2B1AFH) [Debug] 1 [PackageName] WindowsEditor [ProjectName] Editor" 

Player connection [21840] Host joined multi-casting on [225.0.0.222:54997]...
Player connection [21840] Host joined alternative multi-casting on [225.0.0.222:34997]...
Input System module state changed to: Initialized.
[Physics::Module] Initialized fallback backend.
[Physics::Module] Id: 0xdecafbad
[Package Manager] Connected to IPC stream "Upm-21824" after 0.2 seconds.
[Licensing::Module] Licensing is not yet initialized.
[Licensing::IpcConnector] Successfully connected to: "LicenseClient-user" at "2026-10-03T16:55:59.2996455Z"
[Licensing::Client] Code 10 while verifying Licensing Client signature (process Id: 22224, path: "C:/Program Files/Unity/Hub/Editor/6000.5.6f1/Editor/Data/Resources/Licensing/Client/Unity.Licensing.Client.exe")
[Licensing::Module] LicensingClient has failed validation; ignoring
[Licensing::Client] Handshaking with LicensingClient:
  Version:                 1.18.1+9fbee8e
  Session Id:              9a0534ef12d84bbb90439d725c93e88a
  Correlation Id:          1592a8653ec983aca79d1398f0873b34
  External correlation Id: 2072921819917829489
  Machine Id:              Cwyclg1/EBBA10ifqAh0Jzmo3So=
[Licensing::Module] Successfully connected to LicensingClient on channel: "LicenseClient-user" (connect: 1.93s, validation: 0.33s, handshake: 0.08s)
[Licensing::IpcConnector] Successfully connected to: "LicenseClient-user-notifications" at "2026-10-03T16:55:59.7163979Z"
[Licensing::Module] Connected to LicensingClient (PId: 22224, launch time: 0.03, total connection time: 2.35s)
[Licensing::Module] Error: Access token is unavailable; failed to update
[Licensing::Client] Successfully resolved entitlement details
[Licensing::Module] License group:
  Id: 14569782698392-UnityPersXXXX
  Product: Unity Personal
  Type: Assigned
  Expiration: Unlimited
[Licensing::Client] Successfully updated license, isAsync: True, time: 0.01
[Licensing::Client] Successfully resolved entitlement details
[Licensing::Module] Licensing Background thread has ended after 2.43s
[Licensing::Module] Licensing is initialized (took 1.53s).
[Licensing::Client] Successfully resolved entitlement details
Library Redirect Path: Library/
[Physics::Module] Selected backend.
[Physics::Module] Name: PhysX
[Physics::Module] Id: 0xf2b8ea05
[Physics::Module] SDK Version: 4.1.2
[Physics::Module] Integration Version: 1.0.0
[Physics::Module] Threading Mode: Multi-Threaded
Initialize engine version: 6000.5.6f1 (0e0577a1a2ac)
[Subsystems] Discovering subsystems at path C:/Program Files/Unity/Hub/Editor/6000.5.6f1/Editor/Data/Resources/UnitySubsystems
[Subsystems] Discovering subsystems at path C:/Users/user/Documents/GitHub/BrokenStage/Assets
[D3D12 Device Filter] Vendor Name: NVIDIA
[D3D12 Device Filter] Device Name: NVIDIA GeForce RTX 3060
[D3D12 Device Filter] Driver Version: 32.0.16.1692
[D3D12 Device Filter] Feature Level: 12.2
[D3D12 Device Filter] Graphics Memory: 12115 MB
[D3D12 Device Filter] Processor Count: 16
[D3D12 Device Filter] Device Type: Discrete
GfxDevice: creating device client; kGfxThreadingModeSplitJobs
d3d12: failed to query info queue interface (0x80004002).
Direct3D:
    Version:         Direct3D 12 [level 12.2]
    Renderer:        NVIDIA GeForce RTX 3060 (ID=0x2504)
    Vendor:          NVIDIA
    VRAM:            12115 MB
    App VRAM Budget: 11347 MB
    Driver:          32.0.16.1692
Initialize mono
Mono path[0] = 'C:/Program Files/Unity/Hub/Editor/6000.5.6f1/Editor/Data/Managed'
Mono path[1] = 'C:/Program Files/Unity/Hub/Editor/6000.5.6f1/Editor/Data/BCLExtensions/runtime/netstandard2.1'
Mono path[2] = 'C:/Program Files/Unity/Hub/Editor/6000.5.6f1/Editor/Data/MonoBleedingEdge/lib/mono/unityjit-win32'
Mono config path = 'C:/Program Files/Unity/Hub/Editor/6000.5.6f1/Editor/Data/MonoBleedingEdge/etc'
Using monoOptions --debugger-agent=transport=dt_socket,embedding=1,server=y,suspend=n,address=127.0.0.1:56824
CodeReloadManager initialized
ImportWorker Server TCP listen port: 0
AcceleratorClientConnectionCallback - disconnected - :0
Begin MonoManager ReloadAssembly
Registering precompiled unity dll's ...
Register platform support module: C:/Program Files/Unity/Hub/Editor/6000.5.6f1/Editor/Data/PlaybackEngines/WindowsStandaloneSupport/UnityEditor.WindowsStandalone.Extensions.dll
Registered in 0.074993 seconds.
Native extension for WindowsStandalone target not found
Package Manager log level set to [2]
ScheduleIndexationOnStartup MainProcess:False IndexOnStartup:True
Mono: successfully reloaded assembly
- Finished resetting the current domain, in  0.439 seconds
Domain Reload Profiling: 2228ms
	BeginReloadAssembly (266ms)
		CreateAndSetChildDomain (11ms)
	RebuildCommonClasses (6ms)
	RebuildNativeTypeToScriptingClass (159ms)
	initialDomainReloadingComplete (248ms)
	LoadAllAssembliesAndSetupDomain (1108ms)
		LoadAssemblies (256ms)
		AnalyzeDomain (1030ms)
			TypeCache.Refresh (1028ms)
				TypeCache.ScanAssembly (835ms)
	FinalizeReload (441ms)
		SetupLoadedEditorAssemblies (0ms)
			InitializePlatformSupportModulesInManaged (53ms)
			BeforeProcessingInitializeOnLoad (86ms)
			ProcessInitializeOnLoadAttributes (108ms)
			ProcessInitializeOnLoadMethodAttributes (124ms)
[Licensing::Client] Successfully resolved entitlement details
Application.AssetDatabase Initial Refresh Start
[Package Manager] Done resolving packages in 1.03 seconds
[Licensing::Client] Successfully resolved entitlement details
[Package Manager] Registered 8 packages:
  Packages from [https://packages.unity.com]:
    com.unity.inputsystem@1.20.0 (location: C:\Users\user\Documents\GitHub\BrokenStage\Library\PackageCache\com.unity.inputsystem@7a4e1a2a8194)
  Built-in packages:
    com.unity.modules.uielements@1.0.0 (location: C:\Users\user\Documents\GitHub\BrokenStage\Library\PackageCache\com.unity.modules.uielements)
    com.unity.modules.ui@1.0.0 (location: C:\Users\user\Documents\GitHub\BrokenStage\Library\PackageCache\com.unity.modules.ui)
    com.unity.modules.imgui@1.0.0 (location: C:\Users\user\Documents\GitHub\BrokenStage\Library\PackageCache\com.unity.modules.imgui)
    com.unity.modules.jsonserialize@1.0.0 (location: C:\Users\user\Documents\GitHub\BrokenStage\Library\PackageCache\com.unity.modules.jsonserialize)
    com.unity.modules.hierarchycore@1.0.0 (location: C:\Users\user\Documents\GitHub\BrokenStage\Library\PackageCache\com.unity.modules.hierarchycore)
    com.unity.modules.physics@1.0.0 (location: C:\Users\user\Documents\GitHub\BrokenStage\Library\PackageCache\com.unity.modules.physics)
    com.unity.modules.animation@1.0.0 (location: C:\Users\user\Documents\GitHub\BrokenStage\Library\PackageCache\com.unity.modules.animation)
[Subsystems] No new subsystems found in resolved package list.
[Package Manager] Done registering packages in 0.00 seconds
[ScriptCompilation] Requested script compilation because: AssetDatabase observed changes in script compilation related files
Starting: C:\Program Files\Unity\Hub\Editor\6000.5.6f1\Editor\Data\Tools\BuildPipeline\bee_backend.exe --ipc --defer-dag-verification --dagfile="Library/Bee/1900b0aE.dag" --continue-on-failure --profile="Library/Bee/backend1.traceevents" ScriptAssemblies
WorkingDir: C:/Users/user/Documents/GitHub/BrokenStage
Starting: C:\Program Files\Unity\Hub\Editor\6000.5.6f1\Editor\Data\netcorerun\netcorerun.exe "C:\Program Files\Unity\Hub\Editor\6000.5.6f1\Editor\Data\Tools\BuildPipeline\ScriptCompilationBuildProgram.exe" "Library/Bee/1900b0aE.dag.json" "Library/Bee/1900b0aE-inputdata.json" "Library\Bee\buildprogram0.traceevents"
WorkingDir: C:/Users/user/Documents/GitHub/BrokenStage
ExitCode: 4 Duration: 3s251ms
Rebuilding DAG because FileSignature timestamp changed: Library/Bee/1900b0aE-inputdata.json
*** Tundra requires additional run (3.20 seconds), 0 items updated, 175 evaluated
ExitCode: 0 Duration: 1s120ms
Starting: C:\Program Files\Unity\Hub\Editor\6000.5.6f1\Editor\Data\Tools\BuildPipeline\bee_backend.exe --ipc --defer-dag-verification --dagfile="Library/Bee/1900b0aE.dag" --continue-on-failure --dagfilejson="Library\Bee\1900b0aE.dag.json" --profile="Library/Bee/backend2.traceevents" ScriptAssemblies
WorkingDir: C:/Users/user/Documents/GitHub/BrokenStage
ExitCode: 0 Duration: 3s55ms
Finished compiling graph: 205 nodes, 1294 flattened edges (1242 ToBuild, 12 ToUse), maximum node priority 66
[166/202    0s] WriteText Library/Bee/artifacts/1900b0aE.dag/Unity.InputSystem.rsp2
[167/202    0s] WriteText Library/Bee/artifacts/1900b0aE.dag/Unity.InputSystem.ForUI.Editor.rsp2
[168/202    0s] WriteText Library/Bee/artifacts/1900b0aE.dag/Unity.InputSystem.ForUI.UnityAdditionalFile.txt
[169/202    0s] WriteText Library/Bee/artifacts/1900b0aE.dag/Unity.InputSystem.ForUI.Editor.UnityAdditionalFile.txt
[170/202    0s] WriteText Library/Bee/artifacts/1900b0aE.dag/Unity.InputSystem.ForUI.rsp2
[171/202    0s] WriteText Library/Bee/artifacts/1900b0aE.dag/Unity.InputSystem.UnityAdditionalFile.txt
[172/202    0s] WriteText Library/Bee/artifacts/1900b0aE.dag/Unity.InputSystem.DocCodeSamples.rsp2
[173/202    0s] WriteText Library/Bee/artifacts/1900b0aE.dag/Assembly-CSharp.UnityAdditionalFile.txt
[174/202    0s] WriteText Library/Bee/artifacts/1900b0aE.dag/Unity.InputSystem.DocCodeSamples.UnityAdditionalFile.txt
[175/202    0s] WriteText Library/Bee/artifacts/1900b0aE.dag/Assembly-CSharp-Editor.UnityAdditionalFile.txt
[196/202    1s] Csc Library/Bee/artifacts/1900b0aE.dag/Assembly-CSharp.dll (+2 others)
[197/202    0s] CopyFiles Library/ScriptAssemblies/Assembly-CSharp.pdb
[200/202    0s] CopyFiles Library/ScriptAssemblies/Assembly-CSharp.dll
*** Tundra build success (3.04 seconds), 13 items updated, 202 evaluated
AssetDatabase: script compilation time: 7.990168s
Begin MonoManager ReloadAssembly
Refreshing native plugins compatible for Editor in 5.45 ms, found 0 plugins.
Native extension for WindowsStandalone target not found
ScheduleIndexationOnStartup MainProcess:True IndexOnStartup:True
Mono: successfully reloaded assembly
- Finished resetting the current domain, in  0.450 seconds
Domain Reload Profiling: 964ms
	BeginReloadAssembly (329ms)
		DisableScriptedObjects (25ms)
		CreateAndSetChildDomain (162ms)
	RebuildCommonClasses (8ms)
	RebuildNativeTypeToScriptingClass (14ms)
	initialDomainReloadingComplete (39ms)
	LoadAllAssembliesAndSetupDomain (123ms)
		LoadAssemblies (119ms)
		AnalyzeDomain (19ms)
			TypeCache.Refresh (13ms)
				TypeCache.ScanAssembly (8ms)
			BuildScriptInfoCaches (4ms)
	FinalizeReload (452ms)
		SetupLoadedEditorAssemblies (0ms)
			InitializePlatformSupportModulesInManaged (8ms)
			BeforeProcessingInitializeOnLoad (77ms)
			ProcessInitializeOnLoadAttributes (140ms)
			ProcessInitializeOnLoadMethodAttributes (60ms)
			AfterProcessingInitializeOnLoad (8ms)
		AwakeInstancesAfterBackupRestoration (21ms)
Importing 'GUID: 3748192f16664aec9c003692b2c15841 - Path: Assets/Input/RhythmControls.inputactions' with importer (ScriptedImporter : Unity.InputSystem:UnityEngine.InputSystem.Editor:InputActionImporter)
Imported 'GUID: 3748192f16664aec9c003692b2c15841' -> (Import Result ID: '0873230d71d999856c62d9a0d33366e6') in 0.040 seconds [static and dynamic dependencies]. Details - ImportResultOutputID=94a78fa3b2574e0b5e28bdf4ea5f8dd3 DependenciesID=053b3c5e3d04c6f62c8cf4a67894c68c StaticDependenciesID=53b9e0018d756aae6ea88005785e9891 
Starting new worker id: 0 with log in C:/Users/user/Documents/GitHub/BrokenStage/Logs/AssetImportWorkerHW0.log

Asset Pipeline Refresh (id=63c17709d56dcd84c8a9f573a018bd6e): Total: 10.516 seconds - Initiated by InitialRefreshV2(ForceSynchronousImport)
	(Values over 0.05ms)
	Summary:
		Imports: total=1 (actual=1, local cache=0, cache server=0)
		Asset DB Process Time: managed=1 ms, native=818 ms
		Asset DB Callback time: managed=83 ms, native=1062 ms
		Scripting: domain reloads=1, domain reload time=543 ms, compile time=7993 ms, other=12 ms
		Project Asset Count: scripts=134, non-scripts=194
		Asset File Changes: new=0, changed=2, moved=0, deleted=0
		Scan Filter Count: 0
	InvokePackagesCallback: 1058.236ms
	ApplyChangesToAssetFolders: 0.319ms
	Scan: 34.179ms
	Collect global state as custom dependencies: 25.458ms
	OnSourceAssetsModified: 1.084ms
	CategorizeScriptCompilationAssets: 1.353ms
	ProcessAssetsWithTransientArtifactChanges: 4.313ms
	CategorizeAssets: 3.902ms
	CompileScripts: 7992.682ms
	ImportOutOfDateAssets: 514.960ms (459.444ms without children)
		ImportManagerImport: 44.335ms (1.225ms without children)
		UnloadImportedAssets: 0.148ms
		ImportSchedulerStart: 10.990ms
	PostProcessAllAssets: 86.271ms
		VCAutoAddAssetPostprocess 1.811ms
		ShaderAssetModifiedCallback 0.118ms
		ComputeShaderImportPostprocess 0.108ms
		RaytracingShaderImportPostprocess 0.093ms
		XRBuildSystem.XRAssetImported 0.080ms
		MonoPostProcessAllAssets: 82.981ms
			AssetPostprocessor.OnPostprocessAllAssets 21.189ms
			StyleCatalogPostProcessor.OnPostprocessAllAssets 15.582ms
			WindowAssetPostprocessingWatcher.OnPostprocessAllAssets 7.435ms
			AssetChangedListener.OnPostprocessAllAssets 6.713ms
			InputActionJsonNameModifierAssetProcessor.OnPostprocessAllAssets 5.867ms
			BuilderAssetPostprocessor.OnPostprocessAllAssets 4.939ms
			SyncVS.PostprocessSyncProject 4.317ms
			SpeedTree9Postprocessor.OnPostprocessAllAssets 1.366ms
			EditModeScopePostprocessor.OnPostprocessAllAssets 1.170ms
			RetainedModeAssetPostprocessor.OnPostprocessAllAssets 1.130ms
			TextAssetPostProcessor.OnPostprocessAllAssets 0.798ms
			InputActionAssetPostprocessor.OnPostprocessAllAssets 0.496ms
			ArtifactBrowserPostProcessor.OnPostprocessAllAssets 0.468ms
			TerrainToolbarOverlayPostProcessor.OnPostprocessAllAssets 0.301ms
			AudioMixerPostprocessor.OnPostprocessAllAssets 0.289ms
			AssetEvents.OnPostprocessAllAssets 0.264ms
			ReferencedClipsPostProcessor.OnPostprocessAllAssets 0.261ms
			ProjectSettingsPostprocessor.OnPostprocessAllAssets 0.200ms
			SpeedTreePostProcessor.OnPostprocessAllAssets 0.188ms
			AssetDatabaseCallbacks.OnPostprocessAllAssets 0.149ms
			ConfigAssetsTracker.OnPostprocessAllAssets 0.137ms
			ScenarioDriftAssetsTracker.OnPostprocessAllAssets 0.125ms
			RenderPipelineGlobalSettingsPostprocessor.OnPostprocessAllAssets 0.091ms
			AudioContainerPostProcessor.OnPostprocessAllAssets 0.076ms
	PostAssetChangesProfiler: 2.420ms
	UnloadStreamsBegin: 1.167ms
	PersistCurrentRevisions: 0.052ms
	GenerateScriptTypeHashes: 1.587ms
	GenerateScriptTypeSerializationHashes: 3.064ms
	Untracked: 784.529ms

Application.AssetDatabase Initial Refresh End
Launched and connected shader compiler UnityShaderCompiler.exe after 0.03 seconds
Scanning for USB devices : 20.752ms
Initializing Unity extensions:
[MODES] ModeService[none].Initialize
[MODES] ModeService[none].LoadModes
[MODES] Loading mode Default (0) for mode-current-id-ProSekaiLikeProject
Opening scene 'Assets/Main.unity'
Unloading 3 Unused Serialized files (Serialized files now loaded: 0)
Loaded scene 'Assets/Main.unity'
	Deserialize:            7.110 ms
	Integration:            6.976 ms
	Integration of assets:  0.017 ms
	Thread Wait Time:       0.007 ms
	Total Operation Time:   14.110 ms
Unloading 464 unused Assets / (0.6 MB). Loaded Objects now: 1133.
Memory consumption went from 221.2 MB to 220.5 MB.
Total: 5.015400 ms (FindLiveObjects: 0.089100 ms CreateObjectMapping: 0.065500 ms MarkObjects: 4.301700 ms  DeleteObjects: 0.352800 ms)

[LAYOUT] About to load UserSettings\Layouts\default-6000.dwlt, keepMainWindow=False
Worker ready: AssetImportWorkerHW0 0
[LAYOUT] About to save layout C:\Users\user\Documents\GitHub\BrokenStage\UserSettings\Layouts\default-6000.dwlt
[LAYOUT] About to save layout C:/Users/user/AppData/Roaming/Unity/Editor-5.x/Preferences\Layouts\current\default-6000.dwlt
[MODES] ModeService[default].InitializeCurrentMode
[MODES] ModeService[default].RaiseModeChanged(default, default)
<RI> Initializing input.
Using Windows.Gaming.Input
[Project] Loading completed in 23.863 seconds
	Project init time: 				22.783 seconds
		Template init time: 		0.000 seconds
		Package Manager init time: 		1.758 seconds
		Asset Database init time: 		0.311 seconds
		Global illumination init time: 	0.008 seconds
		Assemblies load time: 			8.116 seconds
		Unity extensions init time: 	0.002 seconds
		Asset Database refresh time: 	10.516 seconds
	Scene opening time: 			0.893 seconds
##utp:{"type":"ProjectInfo","version":2,"phase":"Immediate","time":1791046581190,"processId":21824,"projectLoad":23.8634848,"projectInit":22.7834169,"templateInit":0.0,"packageManagerInit":1.7583498,"assetDatabaseInit":0.3109311,"globalIlluminationInit":0.0084189,"assembliesLoad":8.1162722,"unityExtensionsInit":0.0015813,"assetDatabaseRefresh":10.5159336,"sceneOpening":0.8927851}
##utp:{"type":"EditorInfo","version":2,"phase":"Immediate","time":1791046581190,"processId":21824,"editorVersion":"6000.5.6f1 (0e0577a1a2ac)","branch":"6000.5/staging","buildType":"Release","platform":"Windows"}
Asset Pipeline Refresh (id=778497557ed286a42af139e6afe16b76): Total: 0.023 seconds - Initiated by RefreshV2(AllowForceSynchronousImport)
[MODES] ModeService[default].LoadModes
[Licensing::Client] Successfully resolved entitlement details
Dynamic Batching is deprecated and will be removed in a future release. Use GPU Instancing instead. Disable Dynamic Batching in Project Settings > Player > Other Settings to remove this warning.
UnityEngine.Debug:ExtractStackTraceNoAlloc (byte*,int,string)
UnityEngine.StackTraceUtility:ExtractStackTrace ()
UnityEngine.DebugLogHandler:Internal_Log (UnityEngine.LogType,UnityEngine.LogOption,string,UnityEngine.Object)
UnityEngine.DebugLogHandler:LogFormat (UnityEngine.LogType,UnityEngine.Object,string,object[])
UnityEngine.Logger:Log (UnityEngine.LogType,object)
UnityEngine.Debug:LogWarning (object)
UnityEditor.PlayerSettingsBatchingWarning:WarnIfDynamicBatchingEnabled ()
UnityEditor.EditorApplication:Internal_CallUpdateFunctions ()

Start Indexing on Editor startup
[Indexing] Starting Initial Indexing for Assets
Created GICache directory at C:/Users/user/AppData/LocalLow/Unity/Caches/GiCache. Took: 0.034s, timestamps: [26.157 - 26.191]
[Licensing::Client] Successfully resolved entitlement details
Starting new worker id: 1 with log in C:/Users/user/Documents/GitHub/BrokenStage/Logs/AssetImportWorkerHW1.log
[Worker0] Imported GUID: 3748192f16664aec9c003692b2c15841 - Path: Assets/Input/RhythmControls.inputactions - Importer: ScriptedImporter/UnityEditor.QuickSearchModule:UnityEditor.Search:ASIAI0B -> (ImportResultId: '5f2f350e025070563b9d2e0b7b40bde8') in 0.2172339 seconds
[Worker0] Imported GUID: 5de865849e2b44768960e5d9f32a1941 - Path: Assets/Scripts/RhythmGamePrototype.cs - Importer: ScriptedImporter/UnityEditor.QuickSearchModule:UnityEditor.Search:ASIAI0B -> (ImportResultId: '90fbeb85c9109c9f8c6e741996db473c') in 0.0112959 seconds
Worker ready: AssetImportWorkerHW1 1
Reloading assemblies for play mode.
Reloading assemblies after forced synchronous recompile.
Begin MonoManager ReloadAssembly
Native extension for WindowsStandalone target not found
ScheduleIndexationOnStartup MainProcess:True IndexOnStartup:True
[MODES] ModeService[none].Initialize
[MODES] ModeService[none].LoadModes
Mono: successfully reloaded assembly
- Finished resetting the current domain, in  1.142 seconds
Domain Reload Profiling: 1604ms
	BeginReloadAssembly (316ms)
		DisableScriptedObjects (78ms)
		CreateAndSetChildDomain (95ms)
	RebuildCommonClasses (8ms)
	RebuildNativeTypeToScriptingClass (14ms)
	initialDomainReloadingComplete (40ms)
	LoadAllAssembliesAndSetupDomain (83ms)
		LoadAssemblies (95ms)
		AnalyzeDomain (4ms)
			TypeCache.Refresh (3ms)
	FinalizeReload (1142ms)
		SetupLoadedEditorAssemblies (0ms)
			InitializePlatformSupportModulesInManaged (8ms)
			BeforeProcessingInitializeOnLoad (73ms)
			ProcessInitializeOnLoadAttributes (199ms)
			ProcessInitializeOnLoadMethodAttributes (58ms)
			AfterProcessingInitializeOnLoad (7ms)
		AwakeInstancesAfterBackupRestoration (493ms)

Asset Pipeline Refresh (id=234e0c75318faf448b5446472d77dcf0): Total: 1.763 seconds - Initiated by StopAssetImportingV2(ForceSynchronousImport | ForceDomainReload)
	(Values over 0.05ms)
	Summary:
		Imports: total=0 (actual=0, local cache=0, cache server=0)
		Asset DB Process Time: managed=0 ms, native=1196 ms
		Asset DB Callback time: managed=48 ms, native=25 ms
		Scripting: domain reloads=1, domain reload time=490 ms, compile time=2 ms, other=0 ms
		Project Asset Count: scripts=134, non-scripts=194
		Asset File Changes: new=0, changed=0, moved=0, deleted=0
		Scan Filter Count: 0
	InvokePackagesCallback: 1.861ms
	ApplyChangesToAssetFolders: 0.052ms
	Collect global state as custom dependencies: 10.476ms
	ProcessAssetsWithTransientArtifactChanges: 9.452ms
	CategorizeAssets: 2.416ms
	CompileScripts: 1.989ms
	ImportOutOfDateAssets: 1146.376ms (1143.969ms without children)
		UnloadImportedAssets: 1.386ms
		ImportSchedulerStart: 0.967ms
	PostProcessAllAssets: 63.442ms
		PostProcessCallbackCreateDeferredMaterials 0.908ms
		PostprocessAssetsUpdateCachedIcon 0.870ms
		ShaderAssetModifiedCallback 0.499ms
		ComputeShaderImportPostprocess 0.383ms
		RaytracingShaderImportPostprocess 0.382ms
		SpeedTreeImporter.PostprocessAllAssets 0.297ms
		LocalizationDatabase.AssetDatabasePostprocessCallback 0.201ms
		AssemblyValidation.PostprocessAllAssets 0.152ms
		BlockShaderImporter.PostprocessAllAssets 0.144ms
		XRBuildSystem.XRAssetImported 0.115ms
		MonoPostProcessAllAssets: 46.033ms
			WindowAssetPostprocessingWatcher.OnPostprocessAllAssets 8.014ms
			AssetPostprocessor.OnPostprocessAllAssets 6.348ms
			BuilderAssetPostprocessor.OnPostprocessAllAssets 5.021ms
			AssetChangedListener.OnPostprocessAllAssets 2.750ms
			InputActionAssetPostprocessor.OnPostprocessAllAssets 1.937ms
			InputActionJsonNameModifierAssetProcessor.OnPostprocessAllAssets 1.862ms
			TextAssetPostProcessor.OnPostprocessAllAssets 1.590ms
			SyncVS.PostprocessSyncProject 1.578ms
			RetainedModeAssetPostprocessor.OnPostprocessAllAssets 1.191ms
			ProjectSettingsPostprocessor.OnPostprocessAllAssets 1.006ms
			SpeedTree9Postprocessor.OnPostprocessAllAssets 0.976ms
			ArtifactBrowserPostProcessor.OnPostprocessAllAssets 0.513ms
			AudioMixerPostprocessor.OnPostprocessAllAssets 0.287ms
			EditModeScopePostprocessor.OnPostprocessAllAssets 0.273ms
			ReferencedClipsPostProcessor.OnPostprocessAllAssets 0.251ms
			StyleCatalogPostProcessor.OnPostprocessAllAssets 0.221ms
			AssetEvents.OnPostprocessAllAssets 0.194ms
			AssetDatabaseCallbacks.OnPostprocessAllAssets 0.168ms
			SpeedTreePostProcessor.OnPostprocessAllAssets 0.145ms
			TerrainToolbarOverlayPostProcessor.OnPostprocessAllAssets 0.142ms
			ScenarioDriftAssetsTracker.OnPostprocessAllAssets 0.134ms
			ConfigAssetsTracker.OnPostprocessAllAssets 0.131ms
			RenderPipelineGlobalSettingsPostprocessor.OnPostprocessAllAssets 0.103ms
			AudioContainerPostProcessor.OnPostprocessAllAssets 0.077ms
	PostAssetChangesProfiler: 10.927ms
	UnloadStreamsBegin: 1.279ms
	GenerateScriptTypeHashes: 0.669ms
	GenerateScriptTypeSerializationHashes: 1.354ms
	Untracked: 510.962ms

Loaded scene 'Temp/__Backupscenes/0.backup'
	Deserialize:            0.790 ms
	Integration:            37.274 ms
	Integration of assets:  0.001 ms
	Thread Wait Time:       0.015 ms
	Total Operation Time:   38.080 ms
[Licensing::Client] Successfully resolved entitlement details
TrimDiskCacheJob: Current cache size 0mb
Unloading 1 Unused Serialized files (Serialized files now loaded: 0)
Loaded scene 'Temp/__Backupscenes/0.backup'
	Deserialize:            0.337 ms
	Integration:            10.233 ms
	Integration of assets:  0.001 ms
	Thread Wait Time:       0.017 ms
	Total Operation Time:   10.588 ms
Unloading 452 unused Assets / (17.7 MB). Loaded Objects now: 2153.
Memory consumption went from 415.3 MB to 397.6 MB.
Total: 11.888300 ms (FindLiveObjects: 0.162400 ms CreateObjectMapping: 0.069600 ms MarkObjects: 8.459200 ms  DeleteObjects: 3.196400 ms)

MonoPathRemapper: Attempts to remap: 4843; Successful remaps: 1544
Serialized file version minimum: 23, current 23
[LAYOUT] About to save layout C:\Users\user\Documents\GitHub\BrokenStage\UserSettings\Layouts\default-6000.dwlt
[LAYOUT] About to save layout C:/Users/user/AppData/Roaming/Unity/Editor-5.x/Preferences\Layouts\current\default-6000.dwlt
Input System module state changed to: ShutdownInProgress.
Input Polling Thread exited.
Input System module state changed to: Shutdown.
[Physics::Module] Cleanup current backend.
[Physics::Module] Id: 0xf2b8ea05
[Licensing::IpcConnector] LicenseClient-user-notifications channel disconnected successfully.
[Licensing::IpcConnector] LicenseClient-user channel disconnected successfully.
AcceleratorClientConnectionCallback - disconnected - :0
Cleanup mono
CodeReloadManager destroyed
Checking for leaked weakptr:
  Found no leaked weakptrs.
[Package Manager] Server process was shutdown
##utp:{"type":"MemoryLeaks","version":2,"phase":"Immediate","time":1791046623311,"processId":21824,"allocatedMemory":46085858,"memoryLabels":[{"Default":178384},{"Permanent":15516},{"NewDelete":65037},{"Thread":4205688},{"Manager":34344},{"VertexData":8},{"Geometry":816},{"Texture":24},{"Shader":840536},{"Material":24},{"GfxDevice":62072},{"GfxThread":1536},{"Animation":952},{"Audio":1168},{"FreeType":8},{"FontEngine":736},{"Physics":2146},{"Physics2D":16},{"Serialization":234784},{"Input":45280},{"JobScheduler":256},{"TextLib":23254},{"Mono":48},{"ScriptingNativeRuntime":674964},{"BaseObject":1776474},{"Resource":1208},{"Renderer":3080},{"Transform":4685},{"File":3997},{"WebCam":616},{"Culling":32},{"Terrain":11442},{"Wind":24},{"STL":40},{"String":39280},{"StaticString":3808},{"Utility":2673970},{"Curl":48},{"PoolAlloc":2168},{"AI":80},{"TypeTree":14973},{"CodeReload":448},{"RuntimeInitializeOnLoadManager":64},{"Sprites":102},{"SpriteAtlas":120},{"GI":7816},{"Director":8296},{"CloudService":17576},{"WebRequest":552},{"VR":47114},{"SceneManager":608},{"Video":208},{"LazyScriptCache":32},{"NativeArray":33045112},{"Camera":67777},{"Secure":265},{"SerializationCache":1576},{"APIUpdating":10320},{"Subsystems":336},{"VirtualTexturing":57888},{"StaticSafetyDebugInfo":278528},{"Analytics":552},{"Hierarchy":1176},{"UIElements":580168},{"CoreStats":13688},{"Identifiers":6768},{"Gui":267643},{"EditorUtility":184759},{"VersionControl":8},{"Undo":931},{"AssetDatabase":513313},{"AssetImporter":40},{"EditorGi":328},{"UnityConnect":31010},{"Upm":1988},{"UpmDiagnostics":8},{"AssetCompliance":64},{"DrivenProperties":72},{"LocalIPC":210},{"ProfilerEditor":9746},{"CoreBusinessMetrics":3478},{"Windowing":456},{"Licensing":1232},{"AssetReference":32},{"IPCStream":32}]}
