[2026-09-22T06:47:00.999Z][INFO] Command-line: 'C:\\Program Files\\Unity\\Hub\\Editor\\6000.5.6f1\\Editor\\Data\\Resources\\PackageManager\\Server\\UnityPackageManager.exe' server -s 12644 --ipc-path Unity-Upm-12644 -l 2 --log-file C:\\Users\\user\\Documents\\UnityProject\\ProSekaiLikeProject/Logs/upm.log
[2026-09-22T06:47:01.037Z][INFO] IPC server started (IPC path=Unity-Upm-12644).
[2026-09-22T06:47:01.037Z][INFO] Hint: To connect to this UPM instance, launch Unity with the command-line parameter -upmIpcPath Upm-12644.
[2026-09-22T06:47:09.850Z][INFO] project:list-packages <-- Request received
params: {}
[2026-09-22T06:47:09.952Z][INFO] config:project:get-registries <-- Request received
params: {}
[2026-09-22T06:47:09.962Z][INFO] project:list-packages <-- Request received
params: {}
[2026-09-22T06:47:10.513Z][INFO] config:project:get-registries --> 200 (561 ms)
[2026-09-22T06:47:10.536Z][INFO] project:list-packages --> 200 (687 ms)
[2026-09-22T06:47:10.536Z][INFO] project:list-packages --> 200 (574 ms)
[2026-09-22T06:47:11.892Z][INFO] project:list-packages <-- Request received
params: {}
[2026-09-22T06:47:11.921Z][INFO] project:list-packages <-- Request received
params: {}
[2026-09-22T06:47:11.940Z][INFO] project:list-packages --> 200 (48 ms)
[2026-09-22T06:47:11.956Z][INFO] project:list-packages --> 200 (35 ms)
[2026-09-22T06:47:12.023Z][INFO] config:project:get-registries <-- Request received
params: {}
[2026-09-22T06:47:12.026Z][INFO] config:project:get-registries --> 200 (3 ms)
[2026-09-22T06:47:13.808Z][INFO] project:list-packages <-- Request received
params: {}
[2026-09-22T06:47:13.846Z][INFO] project:list-packages --> 200 (38 ms)
[2026-09-22T06:47:17.473Z][INFO] project:list-packages <-- Request received
params: {}
[2026-09-22T06:47:17.973Z][INFO] project:list-packages --> 200 (500 ms)
[2026-09-22T06:58:57.303Z][INFO] project:list-packages <-- Request received
params: {}
[2026-09-22T06:58:57.497Z][INFO] config:project:get-registries <-- Request received
params: {}
[2026-09-22T06:58:57.500Z][INFO] config:project:get-registries --> 200 (3 ms)
[2026-09-22T06:58:57.519Z][INFO] project:list-packages --> 200 (216 ms)
[2026-09-22T07:09:11.555Z][INFO] project:list-packages <-- Request received
params: {}
[2026-09-22T07:09:11.589Z][INFO] project:list-packages --> 200 (34 ms)
[2026-09-22T07:09:11.717Z][INFO] config:project:get-registries <-- Request received
params: {}
[2026-09-22T07:09:11.719Z][INFO] config:project:get-registries --> 200 (2 ms)
